// Jest Snapshot v1, https://goo.gl/fbAQLP

exports[`<MeuComponente /> should render the heading 1`] = `
<main
  class=""
>
  <h1>
    MeuComponente
  </h1>
</main>
`;
