// Jest Snapshot v1, https://goo.gl/fbAQLP

exports[`<Main /> should render the heading 1`] = `
<main
  class="sc-beyTiQ kaIBlV"
>
  <h1>
    Ol√° mundo, Matheus Iam!!
  </h1>
</main>
`;
